Change Component Designator: Old Designator=B? New Designator=B1
Change Component Designator: Old Designator=B? New Designator=B2
Change Component Designator: Old Designator=B? New Designator=B3
Change Component Designator: Old Designator=B? New Designator=B4
Change Component Designator: Old Designator=B? New Designator=B5
Change Component Designator: Old Designator=B? New Designator=B6
Change Component Designator: Old Designator=B? New Designator=B7
Change Component Designator: Old Designator=B? New Designator=B8
Change Component Designator: Old Designator=B? New Designator=B9
Change Component Designator: Old Designator=B? New Designator=B10
Change Component Designator: Old Designator=B? New Designator=B11
Change Component Designator: Old Designator=B? New Designator=B12
Change Component Designator: Old Designator=FID? New Designator=FID1
Change Component Designator: Old Designator=FID? New Designator=FID2
Change Component Designator: Old Designator=FID? New Designator=FID3
Change Component Designator: Old Designator=J? New Designator=J1
Change Component Designator: Old Designator=J? New Designator=J2
Change Component Designator: Old Designator=J? New Designator=J3
Change Component Designator: Old Designator=LB? New Designator=LB1
Change Component Designator: Old Designator=NTC? New Designator=NTC1
Change Component Designator: Old Designator=NTC? New Designator=NTC2
Change Component Designator: Old Designator=NTC? New Designator=NTC3
Change Component Designator: Old Designator=NTC? New Designator=NTC4
Change Component Designator: Old Designator=NTC? New Designator=NTC5
Change Component Designator: Old Designator=NTC? New Designator=NTC6
Change Component Designator: Old Designator=NTC? New Designator=NTC7
Change Component Designator: Old Designator=NTC? New Designator=NTC8
